{
  "20":{
    "numArpNd":2,
    "192.168.20.20":{
      "type":"local",
      "state":"active",
      "mac":"00:50:79:66:68:04"
    },
    "192.168.20.10":{
      "type":"remote",
      "state":"active",
      "mac":"00:50:79:66:68:02",
      "remoteVtep":"1.1.1.1"
    }
  },
  "10":{
    "numArpNd":2,
    "192.168.10.20":{
      "type":"local",
      "state":"active",
      "mac":"00:50:79:66:68:03"
    },
    "192.168.10.10":{
      "type":"remote",
      "state":"active",
      "mac":"00:50:79:66:68:01",
      "remoteVtep":"1.1.1.1"
    }
  }
}

